// Vitest Snapshot v1, https://vitest.dev/guide/snapshot.html

exports[`TextInput > renders properly 1`] = `
"<div data-v-9344f502="" id="text-input">
  <div data-v-9344f502="" class="tw-relative tw-flex tw-flex-col"><label data-v-9344f502="" for="" class="tw-font-medium tw-whitespace-nowrap"></label><input data-v-9344f502="" class="tw-w-full tw-bg-white tw-border tw-border-gray-border tw-rounded-2xl tw-transition-all tw-duration-300 focus:tw-border-blue hover:tw-border-blue tw-px-4 tw-py-3 tw-mt-1" type="text" placeholder="" required="" name="" id="">
    <!--v-if-->
    <!--v-if-->
    <!--v-if-->
    <p data-v-9344f502="" class="tw-text-red tw-text-xs tw-absolute tw--bottom-4 tw-right-0"></p>
  </div>
</div>"
`;
